// Jest Snapshot v1, https://goo.gl/fbAQLP

exports[`CardRow test should render 1`] = `null`;
