// Jest Snapshot v1, https://goo.gl/fbAQLP

exports[`MovementRow test should render 1`] = `null`;
