// Jest Snapshot v1, https://goo.gl/fbAQLP

exports[`MovementForm test should render 1`] = `
<div
  className="movementrow"
>
  <div>
    SOME ID
  </div>
  <input
    name="authNumber"
    onChange={[Function]}
    value=""
  />
  <input
    name="date"
    onChange={[Function]}
    type="date"
    value="2023-01-01"
  />
  <input
    name="description"
    onChange={[Function]}
    value=""
  />
  <input
    min={1}
    name="value"
    onChange={[Function]}
    type="number"
    value={1}
  />
  <input
    name="monthlyRate"
    onChange={[Function]}
    type="number"
    value={0}
  />
  <input
    name="yearlyRate"
    onChange={[Function]}
    type="number"
    value={0}
  />
  <input
    min={1}
    name="quotas"
    onChange={[Function]}
    type="number"
    value={1}
  />
  <div>
    <button
      onClick={[Function]}
      type="button"
    >
      Update
    </button>
    <button
      onClick={[Function]}
      type="button"
    >
      Cancel
    </button>
  </div>
</div>
`;
